Using Expo modules
[Expo] Enabling modular headers for pod ExpoModulesCore
[Expo] Enabling modular headers for pod React-RCTAppDelegate
[Expo] Enabling modular headers for pod React-RCTFabric
[Expo] Enabling modular headers for pod ReactAppDependencyProvider
[Expo] Enabling modular headers for pod React-Core
[Expo] Enabling modular headers for pod ReactCodegen
[Expo] Enabling modular headers for pod RCTRequired
[Expo] Enabling modular headers for pod RCTTypeSafety
[Expo] Enabling modular headers for pod ReactCommon
[Expo] Enabling modular headers for pod React-NativeModulesApple
[Expo] Enabling modular headers for pod Yoga
[Expo] Enabling modular headers for pod React-Fabric
[Expo] Enabling modular headers for pod React-graphics
[Expo] Enabling modular headers for pod React-utils
[Expo] Enabling modular headers for pod React-featureflags
[Expo] Enabling modular headers for pod React-debug
[Expo] Enabling modular headers for pod React-ImageManager
[Expo] Enabling modular headers for pod React-rendererdebug
[Expo] Enabling modular headers for pod React-jsi
[Expo] Enabling modular headers for pod React-renderercss
[Expo] Enabling modular headers for pod hermes-engine
[Expo] Enabling modular headers for pod glog
[Expo] Enabling modular headers for pod boost
[Expo] Enabling modular headers for pod DoubleConversion
[Expo] Enabling modular headers for pod fast_float
[Expo] Enabling modular headers for pod fmt
[Expo] Enabling modular headers for pod RCT-Folly
[Expo] Enabling modular headers for pod SocketRocket
[Expo] Enabling modular headers for pod RNScreens
SK_GRAPHITE: OFF (Graphite symbols not found in libskia)
Found 13 modules for target `poolcenter`
link_native_modules! {ios_packages: [{configurations: [], name: "@react-native-async-storage/async-storage", root: "/Users/NgoBao/Swim_Mobile/node_modules/@react-native-async-storage/async-storage", path: "../node_modules/@react-native-async-storage/async-storage", podspec_path: "/Users/NgoBao/Swim_Mobile/node_modules/@react-native-async-storage/async-storage/RNCAsyncStorage.podspec", script_phases: []}, {configurations: [], name: "@react-native-community/datetimepicker", root: "/Users/NgoBao/Swim_Mobile/node_modules/@react-native-community/datetimepicker", path: "../node_modules/@react-native-community/datetimepicker", podspec_path: "/Users/NgoBao/Swim_Mobile/node_modules/@react-native-community/datetimepicker/RNDateTimePicker.podspec", script_phases: []}, {configurations: [], name: "@react-native-community/netinfo", root: "/Users/NgoBao/Swim_Mobile/node_modules/@react-native-community/netinfo", path: "../node_modules/@react-native-community/netinfo", podspec_path: "/Users/NgoBao/Swim_Mobile/node_modules/@react-native-community/netinfo/react-native-netinfo.podspec", script_phases: []}, {configurations: [], name: "@shopify/react-native-skia", root: "/Users/NgoBao/Swim_Mobile/node_modules/@shopify/react-native-skia", path: "../node_modules/@shopify/react-native-skia", podspec_path: "/Users/NgoBao/Swim_Mobile/node_modules/@shopify/react-native-skia/react-native-skia.podspec", script_phases: []}, {configurations: [], name: "expo", root: "/Users/NgoBao/Swim_Mobile/node_modules/expo", path: "../node_modules/expo", podspec_path: "/Users/NgoBao/Swim_Mobile/node_modules/expo/Expo.podspec", script_phases: []}, {configurations: [], name: "react-native-gesture-handler", root: "/Users/NgoBao/Swim_Mobile/node_modules/react-native-gesture-handler", path: "../node_modules/react-native-gesture-handler", podspec_path: "/Users/NgoBao/Swim_Mobile/node_modules/react-native-gesture-handler/RNGestureHandler.podspec", script_phases: []}, {configurations: [], name: "react-native-reanimated", root: "/Users/NgoBao/Swim_Mobile/node_modules/react-native-reanimated", path: "../node_modules/react-native-reanimated", podspec_path: "/Users/NgoBao/Swim_Mobile/node_modules/react-native-reanimated/RNReanimated.podspec", script_phases: []}, {configurations: [], name: "react-native-safe-area-context", root: "/Users/NgoBao/Swim_Mobile/node_modules/react-native-safe-area-context", path: "../node_modules/react-native-safe-area-context", podspec_path: "/Users/NgoBao/Swim_Mobile/node_modules/react-native-safe-area-context/react-native-safe-area-context.podspec", script_phases: []}, {configurations: [], name: "react-native-svg", root: "/Users/NgoBao/Swim_Mobile/node_modules/react-native-svg", path: "../node_modules/react-native-svg", podspec_path: "/Users/NgoBao/Swim_Mobile/node_modules/react-native-svg/RNSVG.podspec", script_phases: []}, {configurations: [], name: "react-native-view-shot", root: "/Users/NgoBao/Swim_Mobile/node_modules/react-native-view-shot", path: "../node_modules/react-native-view-shot", podspec_path: "/Users/NgoBao/Swim_Mobile/node_modules/react-native-view-shot/react-native-view-shot.podspec", script_phases: []}, {configurations: [], name: "react-native-webview", root: "/Users/NgoBao/Swim_Mobile/node_modules/react-native-webview", path: "../node_modules/react-native-webview", podspec_path: "/Users/NgoBao/Swim_Mobile/node_modules/react-native-webview/react-native-webview.podspec", script_phases: []}, {configurations: [], name: "react-native-screens", root: "/Users/NgoBao/Swim_Mobile/node_modules/react-native-screens", path: "../node_modules/react-native-screens", podspec_path: "/Users/NgoBao/Swim_Mobile/node_modules/react-native-screens/RNScreens.podspec", script_phases: []}, {configurations: [], name: "react-native-worklets", root: "/Users/NgoBao/Swim_Mobile/node_modules/react-native-worklets", path: "../node_modules/react-native-worklets", podspec_path: "/Users/NgoBao/Swim_Mobile/node_modules/react-native-worklets/RNWorklets.podspec", script_phases: []}], ios_project_root_path: "/Users/NgoBao/Swim_Mobile/ios", react_native_path: "../node_modules/react-native"}
SK_GRAPHITE: OFF (Graphite symbols not found in libskia)
Auto-linking React Native modules for target `poolcenter`: RNCAsyncStorage, RNDateTimePicker, RNGestureHandler, RNReanimated, RNSVG, RNScreens, RNWorklets, react-native-netinfo, react-native-safe-area-context, react-native-skia, react-native-view-shot, and react-native-webview
Framework build type is static library
[ReactNativeDependencies] Setting up ReactNativeDependencies...
[ReactNativeDependencies] Building from source: false
[ReactNativeDependencies] Using release tarball
[ReactNativeDependencies] Using tarball from URL: https://repo1.maven.org/maven2/com/facebook/react/react-native-artifacts/0.81.5/react-native-artifacts-0.81.5-reactnative-dependencies-debug.tar.gz
[ReactNativeDependencies] Source: {http: "https://repo1.maven.org/maven2/com/facebook/react/react-native-artifacts/0.81.5/react-native-artifacts-0.81.5-reactnative-dependencies-debug.tar.gz"}
[ReactNativeCore] Setting up ReactNativeCore...
[ReactNativeCore] Building from source: false
[ReactNativeCore] Using tarball from URL: https://repo1.maven.org/maven2/com/facebook/react/react-native-artifacts/0.81.5/react-native-artifacts-0.81.5-reactnative-core-debug.tar.gz
[ReactNativeCore] Source: {http: "https://repo1.maven.org/maven2/com/facebook/react/react-native-artifacts/0.81.5/react-native-artifacts-0.81.5-reactnative-core-debug.tar.gz"}
Configuring the target with the New Architecture
[ReactNativeCore] Using React Native Core and React Native Dependencies prebuilt versions.
[36m[1m[Codegen][0m Analyzing /Users/NgoBao/Swim_Mobile/package.json[0m
[36m[1m[Codegen][0m [33mSearching for codegen-enabled libraries in the app.[0m
[36m[1m[Codegen][0m [33mThe "codegenConfig" field is not defined in package.json. Assuming there is nothing to generate at the app level.[0m
[36m[1m[Codegen][0m [33mSearching for codegen-enabled libraries in react-native.config.js[0m
[36m[1m[Codegen][0m Found @react-native-async-storage/async-storage[0m
[36m[1m[Codegen][0m Found @react-native-community/datetimepicker[0m
[36m[1m[Codegen][0m Found @shopify/react-native-skia[0m
[36m[1m[Codegen][0m Found react-native-gesture-handler[0m
[36m[1m[Codegen][0m Found react-native-reanimated[0m
[36m[1m[Codegen][0m Found react-native-safe-area-context[0m
[36m[1m[Codegen][0m Found react-native-svg[0m
[36m[1m[Codegen][0m Found react-native-view-shot[0m
[36m[1m[Codegen][0m Found react-native-webview[0m
[36m[1m[Codegen][0m Found react-native-screens[0m
[36m[1m[Codegen][0m Found react-native-worklets[0m
[36m[1m[Codegen][0m Processing rnasyncstorage[0m
[36m[1m[Codegen][0m [33mSearching for podspec in the project dependencies.[0m
[36m[1m[Codegen][0m Supported Apple platforms: ios, macos, tvos, visionos for rnasyncstorage[0m
[36m[1m[Codegen][0m Processing RNDateTimePicker[0m
[36m[1m[Codegen][0m [33mSearching for podspec in the project dependencies.[0m
[36m[1m[Codegen][0m Supported Apple platforms: ios for RNDateTimePicker[0m
[36m[1m[Codegen][0m Processing rnskia[0m
[36m[1m[Codegen][0m [33mSearching for podspec in the project dependencies.[0m
[36m[1m[Codegen][0m Supported Apple platforms: ios, macos, tvos for rnskia[0m
[36m[1m[Codegen][0m Processing rngesturehandler_codegen[0m
[36m[1m[Codegen][0m [33mSearching for podspec in the project dependencies.[0m
[36m[1m[Codegen][0m Supported Apple platforms: ios, macos, tvos, visionos for rngesturehandler_codegen[0m
[36m[1m[Codegen][0m Processing rnreanimated[0m
[36m[1m[Codegen][0m [33mSearching for podspec in the project dependencies.[0m
[36m[1m[Codegen][0m Supported Apple platforms: ios, macos, tvos, visionos for rnreanimated[0m
[36m[1m[Codegen][0m Processing safeareacontext[0m
[36m[1m[Codegen][0m [33mSearching for podspec in the project dependencies.[0m
[36m[1m[Codegen][0m Supported Apple platforms: ios, macos, tvos, visionos for safeareacontext[0m
[36m[1m[Codegen][0m Processing rnsvg[0m
[36m[1m[Codegen][0m [33mSearching for podspec in the project dependencies.[0m
[36m[1m[Codegen][0m Supported Apple platforms: ios, macos, tvos, visionos for rnsvg[0m
[36m[1m[Codegen][0m Processing rnviewshot[0m
[36m[1m[Codegen][0m [33mSearching for podspec in the project dependencies.[0m
[36m[1m[Codegen][0m Supported Apple platforms: ios for rnviewshot[0m
[36m[1m[Codegen][0m Processing RNCWebViewSpec[0m
[36m[1m[Codegen][0m [33mSearching for podspec in the project dependencies.[0m
[36m[1m[Codegen][0m Supported Apple platforms: ios, macos, visionos for RNCWebViewSpec[0m
[36m[1m[Codegen][0m Processing rnscreens[0m
[36m[1m[Codegen][0m [33mSearching for podspec in the project dependencies.[0m
[36m[1m[Codegen][0m Supported Apple platforms: ios, tvos, visionos for rnscreens[0m
[36m[1m[Codegen][0m Processing rnworklets[0m
[36m[1m[Codegen][0m [33mSearching for podspec in the project dependencies.[0m
[36m[1m[Codegen][0m Supported Apple platforms: ios, macos, tvos, visionos for rnworklets[0m
[36m[1m[Codegen][0m Generating Native Code for rnasyncstorage - ios[0m
[36m[1m[Codegen][0m Generated artifacts: /Users/NgoBao/Swim_Mobile/ios/build/generated/ios[0m
[36m[1m[Codegen][0m Generating Native Code for RNDateTimePicker - ios[0m
[36m[1m[Codegen][0m Generated artifacts: /Users/NgoBao/Swim_Mobile/ios/build/generated/ios[0m
[36m[1m[Codegen][0m Generating Native Code for rnskia - ios[0m
[36m[1m[Codegen][0m Generated artifacts: /Users/NgoBao/Swim_Mobile/ios/build/generated/ios[0m
[36m[1m[Codegen][0m Generating Native Code for rngesturehandler_codegen - ios[0m
[36m[1m[Codegen][0m Generated artifacts: /Users/NgoBao/Swim_Mobile/ios/build/generated/ios[0m
[36m[1m[Codegen][0m Generating Native Code for rnreanimated - ios[0m
[36m[1m[Codegen][0m Generated artifacts: /Users/NgoBao/Swim_Mobile/ios/build/generated/ios[0m
[36m[1m[Codegen][0m Generating Native Code for safeareacontext - ios[0m
[36m[1m[Codegen][0m Generated artifacts: /Users/NgoBao/Swim_Mobile/ios/build/generated/ios[0m
[36m[1m[Codegen][0m Generating Native Code for rnsvg - ios[0m
[36m[1m[Codegen][0m Generated artifacts: /Users/NgoBao/Swim_Mobile/ios/build/generated/ios[0m
[36m[1m[Codegen][0m Generating Native Code for rnviewshot - ios[0m
[36m[1m[Codegen][0m Generated artifacts: /Users/NgoBao/Swim_Mobile/ios/build/generated/ios[0m
[36m[1m[Codegen][0m Generating Native Code for RNCWebViewSpec - ios[0m
[36m[1m[Codegen][0m Generated artifacts: /Users/NgoBao/Swim_Mobile/ios/build/generated/ios[0m
[36m[1m[Codegen][0m Generating Native Code for rnscreens - ios[0m
[36m[1m[Codegen][0m Generated artifacts: /Users/NgoBao/Swim_Mobile/ios/build/generated/ios[0m
[36m[1m[Codegen][0m Generating Native Code for rnworklets - ios[0m
[36m[1m[Codegen][0m Generated artifacts: /Users/NgoBao/Swim_Mobile/ios/build/generated/ios[0m
[36m[1m[Codegen][0m Generating RCTThirdPartyComponentsProvider.h[0m
[36m[1m[Codegen][0m Generated artifact: /Users/NgoBao/Swim_Mobile/ios/build/generated/ios/RCTThirdPartyComponentsProvider.h[0m
[36m[1m[Codegen][0m Generating RCTThirdPartyComponentsProvider.mm[0m
[36m[1m[Codegen][0m Generated artifact: /Users/NgoBao/Swim_Mobile/ios/build/generated/ios/RCTThirdPartyComponentsProvider.mm[0m
[36m[1m[Codegen][0m Generating RCTModulesProvider.h[0m
[36m[1m[Codegen][0m Generated artifact: /Users/NgoBao/Swim_Mobile/ios/build/generated/ios/RCTModuleProviders.h[0m
[36m[1m[Codegen][0m Generating RCTModuleProviders.mm[0m
[36m[1m[Codegen][0m Generated artifact: /Users/NgoBao/Swim_Mobile/ios/build/generated/ios/RCTModuleProviders.mm[0m
[36m[1m[Codegen][0m Generating RCTAppDependencyProvider[0m
[36m[1m[Codegen][0m Generated artifact: /Users/NgoBao/Swim_Mobile/ios/build/generated/ios/RCTAppDependencyProvider.h[0m
[36m[1m[Codegen][0m Generated artifact: /Users/NgoBao/Swim_Mobile/ios/build/generated/ios/RCTAppDependencyProvider.mm[0m
[36m[1m[Codegen][0m Generated podspec: /Users/NgoBao/Swim_Mobile/ios/build/generated/ios/ReactAppDependencyProvider.podspec[0m
[36m[1m[Codegen][0m Generated podspec: /Users/NgoBao/Swim_Mobile/ios/build/generated/ios/ReactCodegen.podspec[0m
[36m[1m[Codegen][0m [33mDone.[0m
[ReactNativeDependencies] Using release tarball
[ReactNativeDependencies] Using tarball from URL: https://repo1.maven.org/maven2/com/facebook/react/react-native-artifacts/0.81.5/react-native-artifacts-0.81.5-reactnative-dependencies-debug.tar.gz
Analyzing dependencies
Fetching podspec for `DoubleConversion` from `../node_modules/react-native/third-party-podspecs/DoubleConversion.podspec`
Fetching podspec for `RCT-Folly` from `../node_modules/react-native/third-party-podspecs/RCT-Folly.podspec`
Fetching podspec for `React-Core-prebuilt` from `../node_modules/react-native/React-Core-prebuilt.podspec`
[ReactNativeCore] Using tarball from URL: https://repo1.maven.org/maven2/com/facebook/react/react-native-artifacts/0.81.5/react-native-artifacts-0.81.5-reactnative-core-debug.tar.gz
Fetching podspec for `ReactNativeDependencies` from `../node_modules/react-native/third-party-podspecs/ReactNativeDependencies.podspec`
[ReactNativeDependencies] Using release tarball
[ReactNativeDependencies] Using tarball from URL: https://repo1.maven.org/maven2/com/facebook/react/react-native-artifacts/0.81.5/react-native-artifacts-0.81.5-reactnative-dependencies-debug.tar.gz
Fetching podspec for `boost` from `../node_modules/react-native/third-party-podspecs/boost.podspec`
Fetching podspec for `fast_float` from `../node_modules/react-native/third-party-podspecs/fast_float.podspec`
Fetching podspec for `fmt` from `../node_modules/react-native/third-party-podspecs/fmt.podspec`
Fetching podspec for `glog` from `../node_modules/react-native/third-party-podspecs/glog.podspec`
Fetching podspec for `hermes-engine` from `../node_modules/react-native/sdks/hermes-engine/hermes-engine.podspec`
[Hermes] Using release tarball from URL: https://repo1.maven.org/maven2/com/facebook/react/react-native-artifacts/0.81.5/react-native-artifacts-0.81.5-hermes-ios-debug.tar.gz
SK_GRAPHITE: OFF (Graphite symbols not found in libskia)
Downloading dependencies
Installing DoubleConversion (1.1.6)
Installing EXConstants (18.0.10)
Installing EXImageLoader (6.0.0)
Installing Expo (54.0.19)
Installing ExpoAsset (12.0.9)
Installing ExpoBlur (15.0.7)
Installing ExpoClipboard (8.0.7)
Installing ExpoFileSystem (19.0.17)
Installing ExpoFont (14.0.9)
Installing ExpoHead (6.0.13)
Installing ExpoImagePicker (17.0.8)
Installing ExpoKeepAwake (15.0.7)
Installing ExpoLinearGradient (15.0.7)
Installing ExpoLinking (8.0.8)
Installing ExpoLocation (19.0.7)
Installing ExpoMediaLibrary (18.2.0)
Installing ExpoModulesCore (3.0.22)
Installing ExpoPrint (15.0.8)
Installing ExpoSQLite (16.0.8)
Installing ExpoSharing (14.0.8)
Installing ExpoSplashScreen (31.0.10)
Installing ExpoSymbols (1.0.7)
Installing FBLazyVector (0.81.5)
Installing RCT-Folly (2024.11.18.00)
Installing RCTDeprecation (0.81.5)
Installing RCTRequired (0.81.5)
Installing RCTTypeSafety (0.81.5)
Installing RNCAsyncStorage (2.2.0)
Installing RNDateTimePicker (6.7.5)
Installing RNGestureHandler (2.28.0)
Installing RNReanimated (4.1.2)
Installing RNSVG (15.14.0)
Installing RNScreens (4.16.0)
Installing RNWorklets (0.5.1)
Installing React (0.81.5)
Installing React-Codegen (0.1.0)
Installing React-Core (0.81.5)
Installing React-Core-prebuilt (0.81.5)
Installing React-CoreModules (0.81.5)
Installing React-Fabric (0.81.5)
Installing React-FabricComponents (0.81.5)
Installing React-FabricImage (0.81.5)
Installing React-ImageManager (0.81.5)
Installing React-Mapbuffer (0.81.5)
Installing React-NativeModulesApple (0.81.5)
Installing React-RCTActionSheet (0.81.5)
Installing React-RCTAnimation (0.81.5)
Installing React-RCTAppDelegate (0.81.5)
Installing React-RCTBlob (0.81.5)
Installing React-RCTFBReactNativeSpec (0.81.5)
Installing React-RCTFabric (0.81.5)
Installing React-RCTImage (0.81.5)
Installing React-RCTLinking (0.81.5)
Installing React-RCTNetwork (0.81.5)
Installing React-RCTRuntime (0.81.5)
Installing React-RCTSettings (0.81.5)
Installing React-RCTText (0.81.5)
Installing React-RCTVibration (0.81.5)
Installing React-RuntimeApple (0.81.5)
Installing React-RuntimeCore (0.81.5)
Installing React-RuntimeHermes (0.81.5)
Installing React-callinvoker (0.81.5)
Installing React-cxxreact (0.81.5)
Installing React-debug (0.81.5)
Installing React-defaultsnativemodule (0.81.5)
Installing React-domnativemodule (0.81.5)
Installing React-featureflags (0.81.5)
Installing React-featureflagsnativemodule (0.81.5)
Installing React-graphics (0.81.5)
Installing React-hermes (0.81.5)
Installing React-idlecallbacksnativemodule (0.81.5)
Installing React-jserrorhandler (0.81.5)
Installing React-jsi (0.81.5)
Installing React-jsiexecutor (0.81.5)
Installing React-jsinspector (0.81.5)
Installing React-jsinspectorcdp (0.81.5)
Installing React-jsinspectornetwork (0.81.5)
Installing React-jsinspectortracing (0.81.5)
Installing React-jsitooling (0.81.5)
Installing React-jsitracing (0.81.5)
Installing React-logger (0.81.5)
Installing React-microtasksnativemodule (0.81.5)
Installing React-oscompat (0.81.5)
Installing React-perflogger (0.81.5)
Installing React-performancetimeline (0.81.5)
Installing React-rendererconsistency (0.81.5)
Installing React-renderercss (0.81.5)
Installing React-rendererdebug (0.81.5)
Installing React-runtimeexecutor (0.81.5)
Installing React-runtimescheduler (0.81.5)
Installing React-timing (0.81.5)
Installing React-utils (0.81.5)
Installing ReactAppDependencyProvider (0.81.5)
Installing ReactCodegen (0.81.5)
Installing ReactCommon (0.81.5)
Installing ReactNativeDependencies (0.81.5)
Installing Yoga (0.0.0)
Installing boost (1.84.0)
Installing fast_float (8.0.0)
Installing fmt (11.0.2)
Installing glog (0.3.5)
Installing hermes-engine (0.81.5)
Installing react-native-netinfo (11.4.1)
Installing react-native-safe-area-context (5.6.1)
Installing react-native-skia (2.2.12)
Installing react-native-view-shot (4.0.3)
Installing react-native-webview (13.15.0)
Generating Pods project
Setting USE_HERMES build settings
Setting REACT_NATIVE_PATH build settings
Setting SWIFT_ACTIVE_COMPILATION_CONDITIONS build settings
[Ccache]: Removing Ccache from CC, LD, CXX & LDPLUSPLUS build settings
Setting SWIFT_ENABLE_EXPLICIT_MODULES build settings
[SPM] Cleaning old SPM dependencies from Pods project
[SPM] Adding SPM dependencies to Pods project
[Privacy Manifest Aggregation] Appending aggregated reasons to existing PrivacyInfo.xcprivacy file.
[Privacy Manifest Aggregation] Reading .xcprivacy files to aggregate all used Required Reason APIs.
Setting CLANG_CXX_LANGUAGE_STANDARD to c++20 on /Users/NgoBao/Swim_Mobile/ios/poolcenter.xcodeproj
[!] An error occurred while processing the post-install hook of the Podfile.

invalid byte sequence in UTF-8

/opt/homebrew/Cellar/cocoapods/1.16.2_1/libexec/gems/xcodeproj-1.27.0/lib/xcodeproj/plist.rb:91:in 'Regexp#match'
/opt/homebrew/Cellar/cocoapods/1.16.2_1/libexec/gems/xcodeproj-1.27.0/lib/xcodeproj/plist.rb:91:in 'String#match'
/opt/homebrew/Cellar/cocoapods/1.16.2_1/libexec/gems/xcodeproj-1.27.0/lib/xcodeproj/plist.rb:91:in 'Xcodeproj::Plist.file_in_conflict?'
/opt/homebrew/Cellar/cocoapods/1.16.2_1/libexec/gems/xcodeproj-1.27.0/lib/xcodeproj/plist.rb:20:in 'Xcodeproj::Plist.read_from_path'
/Users/NgoBao/Swim_Mobile/node_modules/react-native/scripts/cocoapods/new_architecture.rb:183:in 'block (2 levels) in NewArchitectureHelper.set_RCTNewArchEnabled_in_info_plist'
/Users/NgoBao/Swim_Mobile/node_modules/react-native/scripts/cocoapods/new_architecture.rb:172:in 'Array#each'
/Users/NgoBao/Swim_Mobile/node_modules/react-native/scripts/cocoapods/new_architecture.rb:172:in 'block in NewArchitectureHelper.set_RCTNewArchEnabled_in_info_plist'
/Users/NgoBao/Swim_Mobile/node_modules/react-native/scripts/cocoapods/new_architecture.rb:167:in 'Array#each'
/Users/NgoBao/Swim_Mobile/node_modules/react-native/scripts/cocoapods/new_architecture.rb:167:in 'NewArchitectureHelper.set_RCTNewArchEnabled_in_info_plist'
/Users/NgoBao/Swim_Mobile/node_modules/react-native/scripts/react_native_pods.rb:517:in 'Object#react_native_post_install'
/Users/NgoBao/Swim_Mobile/ios/Podfile:61:in 'block (3 levels) in Pod::Podfile.from_ruby'
/opt/homebrew/Cellar/cocoapods/1.16.2_1/libexec/gems/cocoapods-core-1.16.2/lib/cocoapods-core/podfile.rb:196:in 'Pod::Podfile#post_install!'
/opt/homebrew/Cellar/cocoapods/1.16.2_1/libexec/gems/cocoapods-1.16.2/lib/cocoapods/installer.rb:1013:in 'Pod::Installer#run_podfile_post_install_hook'
/opt/homebrew/Cellar/cocoapods/1.16.2_1/libexec/gems/cocoapods-1.16.2/lib/cocoapods/installer.rb:1001:in 'block in Pod::Installer#run_podfile_post_install_hooks'
/opt/homebrew/Cellar/cocoapods/1.16.2_1/libexec/gems/cocoapods-1.16.2/lib/cocoapods/user_interface.rb:149:in 'Pod::UserInterface.message'
/opt/homebrew/Cellar/cocoapods/1.16.2_1/libexec/gems/cocoapods-1.16.2/lib/cocoapods/installer.rb:1000:in 'Pod::Installer#run_podfile_post_install_hooks'
/Users/NgoBao/Swim_Mobile/node_modules/expo-modules-autolinking/scripts/ios/cocoapods/installer.rb:33:in 'Method#call'
/Users/NgoBao/Swim_Mobile/node_modules/expo-modules-autolinking/scripts/ios/cocoapods/installer.rb:33:in 'block in <class:Installer>'
/opt/homebrew/Cellar/cocoapods/1.16.2_1/libexec/gems/cocoapods-1.16.2/lib/cocoapods/installer.rb:337:in 'block (2 levels) in Pod::Installer#create_and_save_projects'
/opt/homebrew/Cellar/cocoapods/1.16.2_1/libexec/gems/cocoapods-1.16.2/lib/cocoapods/installer/xcode/pods_project_generator/pods_project_writer.rb:61:in 'Pod::Installer::Xcode::PodsProjectWriter#write!'
/opt/homebrew/Cellar/cocoapods/1.16.2_1/libexec/gems/cocoapods-1.16.2/lib/cocoapods/installer.rb:336:in 'block in Pod::Installer#create_and_save_projects'
/opt/homebrew/Cellar/cocoapods/1.16.2_1/libexec/gems/cocoapods-1.16.2/lib/cocoapods/user_interface.rb:64:in 'Pod::UserInterface.section'
/opt/homebrew/Cellar/cocoapods/1.16.2_1/libexec/gems/cocoapods-1.16.2/lib/cocoapods/installer.rb:315:in 'Pod::Installer#create_and_save_projects'
/opt/homebrew/Cellar/cocoapods/1.16.2_1/libexec/gems/cocoapods-1.16.2/lib/cocoapods/installer.rb:307:in 'Pod::Installer#generate_pods_project'
/opt/homebrew/Cellar/cocoapods/1.16.2_1/libexec/gems/cocoapods-1.16.2/lib/cocoapods/installer.rb:183:in 'Pod::Installer#integrate'
/opt/homebrew/Cellar/cocoapods/1.16.2_1/libexec/gems/cocoapods-1.16.2/lib/cocoapods/installer.rb:170:in 'Pod::Installer#install!'
/opt/homebrew/Cellar/cocoapods/1.16.2_1/libexec/gems/cocoapods-1.16.2/lib/cocoapods/command/install.rb:52:in 'Pod::Command::Install#run'
/opt/homebrew/Cellar/cocoapods/1.16.2_1/libexec/gems/claide-1.1.0/lib/claide/command.rb:334:in 'CLAide::Command.run'
/opt/homebrew/Cellar/cocoapods/1.16.2_1/libexec/gems/cocoapods-1.16.2/lib/cocoapods/command.rb:52:in 'Pod::Command.run'
/opt/homebrew/Cellar/cocoapods/1.16.2_1/libexec/gems/cocoapods-1.16.2/bin/pod:55:in '<top (required)>'
/opt/homebrew/Cellar/cocoapods/1.16.2_1/libexec/bin/pod:25:in 'Kernel#load'
/opt/homebrew/Cellar/cocoapods/1.16.2_1/libexec/bin/pod:25:in '<main>'
